////////////////////////////////////////////////////////////////////////////////
// Copyright (c) 2020 Ambarella International LP
////////////////////////////////////////////////////////////////////////////////
// This file and its contents ("Software") are protected by intellectual
// property rights including, without limitation, U.S. and/or foreign
// copyrights. This Software is also the confidential and proprietary
// information of Ambarella International LP and its licensors. You may not use,
// reproduce, disclose, distribute, modify, or otherwise prepare derivative
// works of this Software or any portion thereof except pursuant to a signed
// license agreement or nondisclosure agreement with Ambarella International LP
// or its authorized affiliates. In the absence of such an agreement, you agree
// to promptly notify and return this Software to Ambarella International LP.
//
// THIS SOFTWARE IS PROVIDED "AS IS" AND ANY EXPRESS OR IMPLIED WARRANTIES,
// INCLUDING, BUT NOT LIMITED TO, THE IMPLIED WARRANTIES OF NON-INFRINGEMENT,
// MERCHANTABILITY, AND FITNESS FOR A PARTICULAR PURPOSE ARE DISCLAIMED.
// IN NO EVENT SHALL AMBARELLA INTERNATIONAL LP OR ITS AFFILIATES BE LIABLE
// FOR ANY DIRECT, INDIRECT, INCIDENTAL, SPECIAL, EXEMPLARY, OR CONSEQUENTIAL
// DAMAGES (INCLUDING, BUT NOT LIMITED TO, PROCUREMENT OF SUBSTITUTE GOODS OR
// SERVICES; LOSS OF USE, DATA, OR PROFITS; COMPUTER FAILURE OR MALFUNCTION;
// OR BUSINESS INTERRUPTION) HOWEVER CAUSED AND ON ANY THEORY OF LIABILITY,
// WHETHER IN CONTRACT, STRICT LIABILITY, OR TORT (INCLUDING NEGLIGENCE OR
// OTHERWISE) ARISING IN ANY WAY OUT OF THE USE OF THIS SOFTWARE, EVEN IF
// ADVISED OF THE POSSIBILITY OF SUCH DAMAGE.
////////////////////////////////////////////////////////////////////////////////

=====================
     vas summary     
=====================
DAG name: 'pre_split15_mnet_ssd_adas_flex_pic_prim_split_0'
vas command: /opt/amba/cv28/tv2/release/Vas/cv28.qa.2020-09-02.773/bin/vas1 -auto -no-split-dag -recompile -no-pre-split -fs pre_split15_mnet_ssd_adas_flex_pic_split_0.vas /tmp/vascppQJEqZs.vii -max-name-id 320100000 -comp2-id-range 320100000~320110000 -info "(ARCH cv28 VERSION 77 CVTOOLS_RELEASE 2.2.0) run at 'Tue Sep  8 10:26:23 2020'"
source op primitives:          0
final operators:              17
final descriptors:            47
DAG code num bytes:         2084
vmem num bytes:           505264(493 K)
dcb num bytes:             65536(64 K)
dcb:         1
vcb:         1  full:    0
hmb:        15  full:    0  const:    0
smb:        29              const:   28
scalar:      1
subspace:    0
subspace parent:    0
total hmb input dram size: 466944 bytes
total hmb output dram size: 467008 bytes
total const data + dagbin size: 14372 bytes
total dvi size: 14372 bytes
total ddi size:    0 bytes

total write traffic:
    dcb:          369664 bytes
    vcb:          184832 bytes
    hmb:          369664 bytes
    smb:             768 bytes

total read traffic
    dcb:          369664 bytes
    vcb:         2587648 bytes
    hmb:          369664 bytes
    smb:           12240 bytes
    scalar:            1 bytes

VMEM usage >= 4K bytes:

======================
       VMEM map       
======================
vmem_base = 0x1000

0x00000000      --------------------------------------
                  -- nil -- (4096 bytes)
0x00001000      --------------------------------------
                  __vas_created_terminate__v0(software_managed) (96 bytes)
0x00001060      --------------------------------------
                  __pvcn_1813_(hardware_managed) (11136 bytes)
0x00003be0      --------------------------------------
                  __pvcn_1791_(hardware_managed) (13824 bytes)
0x000071e0      --------------------------------------
                  __pvcn_1802_(hardware_managed) (14592 bytes)
0x0000aae0      --------------------------------------
                  __pvcn_1626_(hardware_managed) (16384 bytes)
0x0000eae0      --------------------------------------
                  __pvcn_1670_(hardware_managed) (26880 bytes)
0x000153e0      --------------------------------------
                  __pvcn_1703_(hardware_managed) (26880 bytes)
0x0001bce0      --------------------------------------
                  __pvcn_1681_(hardware_managed) (27648 bytes)
0x000228e0      --------------------------------------
                  __pvcn_1692_(hardware_managed) (27648 bytes)
0x000294e0      --------------------------------------
                  __pvcn_1736_(hardware_managed) (27648 bytes)
0x000300e0      --------------------------------------
                  __pvcn_1769_(hardware_managed) (27648 bytes)
0x00036ce0      --------------------------------------
                  __pvcn_1747_(hardware_managed) (28416 bytes)
0x0003dbe0      --------------------------------------
                  __pvcn_1725_(hardware_managed) (29184 bytes)
0x00044de0      --------------------------------------
                  __pvcn_1714_(hardware_managed) (30720 bytes)
0x0004c5e0      --------------------------------------
                  __pvcn_1758_(hardware_managed) (30720 bytes)
0x00053de0      --------------------------------------
                  __pvcn_1780_(hardware_managed) (30720 bytes)
0x0005b5e0      --------------------------------------
                  conv5_3__sep_____bn_conv5_3__sep__scale_mul___muli___62_____bn_conv5_3__sep__scale_mul_____scale___muli___352(vmem_chaining) (122880 bytes)
0x000795e0      --------------------------------------
                  __pvcn_1712_(software_managed) (568 bytes)
0x00079818      --------------------------------------
                  __pvcn_1800_(software_managed) (564 bytes)
0x00079a4c      --------------------------------------
                  __pvcn_1778_(software_managed) (564 bytes)
0x00079c80      --------------------------------------
                  __pvcn_1789_(software_managed) (552 bytes)
0x00079ea8      --------------------------------------
                  __pvcn_1756_(software_managed) (552 bytes)
0x0007a0d0      --------------------------------------
                  __pvcn_1745_(software_managed) (552 bytes)
0x0007a2f8      --------------------------------------
                  __pvcn_1723_(software_managed) (552 bytes)
0x0007a520      --------------------------------------
                  __pvcn_1679_(software_managed) (552 bytes)
0x0007a748      --------------------------------------
                  __pvcn_1767_(software_managed) (540 bytes)
0x0007a964      --------------------------------------
                  __pvcn_1734_(software_managed) (540 bytes)
0x0007ab80      --------------------------------------
                  __pvcn_1690_(software_managed) (524 bytes)
0x0007ad8c      --------------------------------------
                  __pvcn_1701_(software_managed) (512 bytes)
0x0007af8c      --------------------------------------
                  __pvcn_1668_(software_managed) (468 bytes)
0x0007b160      --------------------------------------
                  __pvcn_1811_(software_managed) (416 bytes)
0x0007b300      --------------------------------------
                  __pvcn_1779_(software_managed) (360 bytes)
0x0007b468      --------------------------------------
                  __pvcn_1757_(software_managed) (360 bytes)
0x0007b5d0      --------------------------------------
                  __pvcn_1713_(software_managed) (360 bytes)
0x0007b738      --------------------------------------
                  __pvcn_1801_(software_managed) (352 bytes)
0x0007b898      --------------------------------------
                  __pvcn_1724_(software_managed) (352 bytes)
0x0007b9f8      --------------------------------------
                  __pvcn_1746_(software_managed) (348 bytes)
0x0007bb54      --------------------------------------
                  __pvcn_1790_(software_managed) (344 bytes)
0x0007bcac      --------------------------------------
                  __pvcn_1768_(software_managed) (344 bytes)
0x0007be04      --------------------------------------
                  __pvcn_1680_(software_managed) (344 bytes)
0x0007bf5c      --------------------------------------
                  __pvcn_1735_(software_managed) (340 bytes)
0x0007c0b0      --------------------------------------
                  __pvcn_1702_(software_managed) (336 bytes)
0x0007c200      --------------------------------------
                  __pvcn_1691_(software_managed) (336 bytes)
0x0007c350      --------------------------------------
                  __pvcn_1669_(software_managed) (336 bytes)
0x0007c4a0      --------------------------------------
                  __pvcn_1812_(software_managed) (272 bytes)
0x0007c5b0      --------------------------------------
                  dag binary (2132 bytes)
0x0007ce04      --------------------------------------
                  -- nil -- (12796 bytes)
0x00080000      --------------- (end) ----------------

Mac count summary: 
  total normalized mac count:          2255889
    - Ice mac count:                                 2016480
      - ice true mac count:            1516561
      - ice normalized mac count:      1516561
    - Arithmetic normalized mac count:                739328

Estimated ICE cycle count: 2826240

total vas running time: 1.26 seconds


