////////////////////////////////////////////////////////////////////////////////
// Copyright (c) 2020 Ambarella International LP
////////////////////////////////////////////////////////////////////////////////
// This file and its contents ("Software") are protected by intellectual
// property rights including, without limitation, U.S. and/or foreign
// copyrights. This Software is also the confidential and proprietary
// information of Ambarella International LP and its licensors. You may not use,
// reproduce, disclose, distribute, modify, or otherwise prepare derivative
// works of this Software or any portion thereof except pursuant to a signed
// license agreement or nondisclosure agreement with Ambarella International LP
// or its authorized affiliates. In the absence of such an agreement, you agree
// to promptly notify and return this Software to Ambarella International LP.
//
// THIS SOFTWARE IS PROVIDED "AS IS" AND ANY EXPRESS OR IMPLIED WARRANTIES,
// INCLUDING, BUT NOT LIMITED TO, THE IMPLIED WARRANTIES OF NON-INFRINGEMENT,
// MERCHANTABILITY, AND FITNESS FOR A PARTICULAR PURPOSE ARE DISCLAIMED.
// IN NO EVENT SHALL AMBARELLA INTERNATIONAL LP OR ITS AFFILIATES BE LIABLE
// FOR ANY DIRECT, INDIRECT, INCIDENTAL, SPECIAL, EXEMPLARY, OR CONSEQUENTIAL
// DAMAGES (INCLUDING, BUT NOT LIMITED TO, PROCUREMENT OF SUBSTITUTE GOODS OR
// SERVICES; LOSS OF USE, DATA, OR PROFITS; COMPUTER FAILURE OR MALFUNCTION;
// OR BUSINESS INTERRUPTION) HOWEVER CAUSED AND ON ANY THEORY OF LIABILITY,
// WHETHER IN CONTRACT, STRICT LIABILITY, OR TORT (INCLUDING NEGLIGENCE OR
// OTHERWISE) ARISING IN ANY WAY OUT OF THE USE OF THIS SOFTWARE, EVEN IF
// ADVISED OF THE POSSIBILITY OF SUCH DAMAGE.
////////////////////////////////////////////////////////////////////////////////

=====================
     vas summary     
=====================
DAG name: 'pre_split22_mnet_ssd_adas_flex_pic_prim_split_0'
vas command: /opt/amba/cv28/tv2/release/Vas/cv28.qa.2020-09-02.773/bin/vas1 -auto -no-split-dag -recompile -no-pre-split -fs pre_split22_mnet_ssd_adas_flex_pic_split_0.vas /tmp/vascppre9BfS.vii -max-name-id 460100000 -comp2-id-range 460100000~460110000 -info "(ARCH cv28 VERSION 77 CVTOOLS_RELEASE 2.2.0) run at 'Tue Sep  8 10:26:26 2020'"
source op primitives:          0
final operators:              16
final descriptors:            32
DAG code num bytes:         1260
vmem num bytes:           229080(223 K)
dcb num bytes:            131008(127 K)
dcb:        12
vcb:         0  full:    0
hmb:        19  full:    2  const:    0
smb:         1              const:    0
scalar:      0
subspace:    0
subspace parent:    0
total hmb input dram size: 163136 bytes
total hmb output dram size: 134816 bytes
total const data + dagbin size: 1308 bytes
total dvi size: 1308 bytes
total ddi size:    0 bytes

total write traffic:
    dcb:          297000 bytes
    vcb:               0 bytes
    hmb:          114313 bytes
    smb:             768 bytes

total read traffic
    dcb:          297000 bytes
    vcb:               0 bytes
    hmb:          114313 bytes
    smb:               0 bytes
    scalar:            0 bytes

VMEM usage >= 4K bytes:

======================
       VMEM map       
======================
vmem_base = 0x1000

0x00000000      --------------------------------------
                  -- nil -- (4096 bytes)
0x00001000      --------------------------------------
                  __vas_created_terminate__v0(software_managed) (96 bytes)
0x00001060      --------------------------------------
                  __pvcn_2237_(hardware_managed) (3000 bytes)
0x00001c18      --------------------------------------
                  conv5_5_mbox_conf___conv2i___76______loc___conv2i___136___crop___321(hardware_managed) (4032 bytes)
0x00002bd8      --------------------------------------
                  conv5_5_mbox_loc_flat(hardware_managed) (4336 bytes)
0x00003cc8      --------------------------------------
                  __pvcn_2127_(hardware_managed) (7000 bytes)
0x00005820      --------------------------------------
                  __pvcn_2116_(hardware_managed) (7200 bytes)
0x00007440      --------------------------------------
                  __pvcn_2182_(hardware_managed) (7200 bytes)
0x00009060      --------------------------------------
                  __pvcn_2226_(hardware_managed) (7200 bytes)
0x0000ac80      --------------------------------------
                  __pvcn_2171_(hardware_managed) (7400 bytes)
0x0000c968      --------------------------------------
                  __pvcn_2204_(hardware_managed) (7400 bytes)
0x0000e650      --------------------------------------
                  conv5_5_mbox_conf_flat(hardware_managed) (7584 bytes)
0x000103f0      --------------------------------------
                  __pvcn_2094_(hardware_managed) (7800 bytes)
0x00012268      --------------------------------------
                  __pvcn_2138_(hardware_managed) (7800 bytes)
0x000140e0      --------------------------------------
                  __pvcn_2105_(hardware_managed) (8000 bytes)
0x00016020      --------------------------------------
                  __pvcn_2160_(hardware_managed) (8000 bytes)
0x00017f60      --------------------------------------
                  __pvcn_2215_(hardware_managed) (8000 bytes)
0x00019ea0      --------------------------------------
                  __pvcn_2149_(hardware_managed) (8200 bytes)
0x0001bea8      --------------------------------------
                  __pvcn_2193_(hardware_managed) (8200 bytes)
0x0001deb0      --------------------------------------
                  conv5_5_mbox_conf___conv2i___76______loc___conv2i___136___crop___320(hardware_managed) (8232 bytes)
0x0001fed8      --------------------------------------
                  conv5_6__dw_____bn_conv5_6__dw__scale_mul___muli___79_____bn_conv5_6__dw__scale_mul_____scale___relu5_6__dw(hardware_managed) (102400 bytes)
0x00038ed8      --------------------------------------
                  dag binary (1308 bytes)
0x000393f4      --------------------------------------
                  -- nil -- (289804 bytes)
0x00080000      --------------- (end) ----------------

Mac count summary: 
  total normalized mac count:           411313
    - Ice mac count:                                       0
      - ice true mac count:                  0
      - ice normalized mac count:            0
    - Transfer normalized mac count:                  411313

Estimated ICE cycle count: 0

total vas running time: 0.95 seconds


