////////////////////////////////////////////////////////////////////////////////
// Copyright (c) 2020 Ambarella International LP
////////////////////////////////////////////////////////////////////////////////
// This file and its contents ("Software") are protected by intellectual
// property rights including, without limitation, U.S. and/or foreign
// copyrights. This Software is also the confidential and proprietary
// information of Ambarella International LP and its licensors. You may not use,
// reproduce, disclose, distribute, modify, or otherwise prepare derivative
// works of this Software or any portion thereof except pursuant to a signed
// license agreement or nondisclosure agreement with Ambarella International LP
// or its authorized affiliates. In the absence of such an agreement, you agree
// to promptly notify and return this Software to Ambarella International LP.
//
// THIS SOFTWARE IS PROVIDED "AS IS" AND ANY EXPRESS OR IMPLIED WARRANTIES,
// INCLUDING, BUT NOT LIMITED TO, THE IMPLIED WARRANTIES OF NON-INFRINGEMENT,
// MERCHANTABILITY, AND FITNESS FOR A PARTICULAR PURPOSE ARE DISCLAIMED.
// IN NO EVENT SHALL AMBARELLA INTERNATIONAL LP OR ITS AFFILIATES BE LIABLE
// FOR ANY DIRECT, INDIRECT, INCIDENTAL, SPECIAL, EXEMPLARY, OR CONSEQUENTIAL
// DAMAGES (INCLUDING, BUT NOT LIMITED TO, PROCUREMENT OF SUBSTITUTE GOODS OR
// SERVICES; LOSS OF USE, DATA, OR PROFITS; COMPUTER FAILURE OR MALFUNCTION;
// OR BUSINESS INTERRUPTION) HOWEVER CAUSED AND ON ANY THEORY OF LIABILITY,
// WHETHER IN CONTRACT, STRICT LIABILITY, OR TORT (INCLUDING NEGLIGENCE OR
// OTHERWISE) ARISING IN ANY WAY OUT OF THE USE OF THIS SOFTWARE, EVEN IF
// ADVISED OF THE POSSIBILITY OF SUCH DAMAGE.
////////////////////////////////////////////////////////////////////////////////

=====================
     vas summary     
=====================
DAG name: 'pre_split33_mnet_ssd_adas_flex_pic_prim_split_0'
vas command: /opt/amba/cv28/tv2/release/Vas/cv28.qa.2020-09-02.773/bin/vas1 -auto -no-split-dag -recompile -no-pre-split -fs pre_split33_mnet_ssd_adas_flex_pic_split_0.vas /tmp/vascpp5qJIY9.vii -max-name-id 680100000 -comp2-id-range 680100000~680110000 -info "(ARCH cv28 VERSION 77 CVTOOLS_RELEASE 2.2.0) run at 'Tue Sep  8 10:26:31 2020'"
source op primitives:          0
final operators:              16
final descriptors:            27
DAG code num bytes:          980
vmem num bytes:            98996(96 K)
dcb num bytes:            131008(127 K)
dcb:         6
vcb:         7  full:    5
hmb:         8  full:    6  const:    0
smb:         5              const:    4
scalar:      1
subspace:    0
subspace parent:    0
total hmb input dram size: 21312 bytes
total hmb output dram size: 57568 bytes
total const data + dagbin size: 9840 bytes
total dvi size: 9840 bytes
total ddi size:    0 bytes

total write traffic:
    dcb:           80844 bytes
    vcb:           44157 bytes
    hmb:           57510 bytes
    smb:             768 bytes

total read traffic
    dcb:           94263 bytes
    vcb:           70995 bytes
    hmb:           21277 bytes
    smb:            8812 bytes
    scalar:            1 bytes

VMEM usage >= 4K bytes:

======================
       VMEM map       
======================
vmem_base = 0x1000

0x00000000      --------------------------------------
                  -- nil -- (4096 bytes)
0x00001000      --------------------------------------
                  conv10_2_mbox_loc___conv2i___dotib___318_______flat(vmem_chaining) (24 bytes)
0x00001018      --------------------------------------
                  conv10_2_mbox_conf___conv2i___dotib___316_______flat(vmem_chaining) (48 bytes)
0x00001048      --------------------------------------
                  __vas_created_terminate__v0(software_managed) (96 bytes)
0x000010a8      --------------------------------------
                  conv9_2_mbox_loc_flat(hardware_managed) (96 bytes)
0x00001108      --------------------------------------
                  __pvcn_263_(hardware_managed) (128 bytes)
0x00001188      --------------------------------------
                  __pvcn_270_(hardware_managed) (128 bytes)
0x00001208      --------------------------------------
                  conv9_2_mbox_conf_flat(hardware_managed) (176 bytes)
0x000012b8      --------------------------------------
                  mbox_conf_softmax___mmrw___125(vmem_chaining) (1920 bytes)
0x00001a38      --------------------------------------
                  mbox_conf_softmax___sumrw___129(vmem_chaining) (3840 bytes)
0x00002938      --------------------------------------
                  mbox_conf_softmax___recip___131(vmem_chaining) (4336 bytes)
0x00003a28      --------------------------------------
                  __pvcn_2666_(hardware_managed) (7552 bytes)
0x000057a8      --------------------------------------
                  mbox_loc_(vmem_chaining) (7680 bytes)
0x000075a8      --------------------------------------
                  __pvcn_2686_(hardware_managed) (13216 bytes)
0x0000a948      --------------------------------------
                  mbox_loc(hardware_managed) (16384 bytes)
0x0000e948      --------------------------------------
                  mbox_conf_flatten_(hardware_managed) (17152 bytes)
0x00012c48      --------------------------------------
                  mbox_conf_softmax___exp___128(vmem_chaining) (17408 bytes)
0x00017048      --------------------------------------
                  __pvcn_2675_(software_managed) (5376 bytes)
0x00018548      --------------------------------------
                  __pvcn_2646_(software_managed) (3072 bytes)
0x00019148      --------------------------------------
                  __pvcn_2676_(software_managed) (228 bytes)
0x0001922c      --------------------------------------
                  __pvcn_2647_(software_managed) (136 bytes)
0x000192b4      --------------------------------------
                  dag binary (1028 bytes)
0x000196b8      --------------------------------------
                  -- nil -- (420168 bytes)
0x00080000      --------------- (end) ----------------

Mac count summary: 
  total normalized mac count:           209801
    - Ice mac count:                                    8186
      - ice true mac count:               8186
      - ice normalized mac count:         8186
    - Arithmetic normalized mac count:                 95850
    - Compare normalized mac count:                    13419
    - Integ normalized mac count:                      30672
    - Transfer normalized mac count:                   61674

Estimated ICE cycle count: 1119

total vas running time: 1.12 seconds


