////////////////////////////////////////////////////////////////////////////////
// Copyright (c) 2020 Ambarella International LP
////////////////////////////////////////////////////////////////////////////////
// This file and its contents ("Software") are protected by intellectual
// property rights including, without limitation, U.S. and/or foreign
// copyrights. This Software is also the confidential and proprietary
// information of Ambarella International LP and its licensors. You may not use,
// reproduce, disclose, distribute, modify, or otherwise prepare derivative
// works of this Software or any portion thereof except pursuant to a signed
// license agreement or nondisclosure agreement with Ambarella International LP
// or its authorized affiliates. In the absence of such an agreement, you agree
// to promptly notify and return this Software to Ambarella International LP.
//
// THIS SOFTWARE IS PROVIDED "AS IS" AND ANY EXPRESS OR IMPLIED WARRANTIES,
// INCLUDING, BUT NOT LIMITED TO, THE IMPLIED WARRANTIES OF NON-INFRINGEMENT,
// MERCHANTABILITY, AND FITNESS FOR A PARTICULAR PURPOSE ARE DISCLAIMED.
// IN NO EVENT SHALL AMBARELLA INTERNATIONAL LP OR ITS AFFILIATES BE LIABLE
// FOR ANY DIRECT, INDIRECT, INCIDENTAL, SPECIAL, EXEMPLARY, OR CONSEQUENTIAL
// DAMAGES (INCLUDING, BUT NOT LIMITED TO, PROCUREMENT OF SUBSTITUTE GOODS OR
// SERVICES; LOSS OF USE, DATA, OR PROFITS; COMPUTER FAILURE OR MALFUNCTION;
// OR BUSINESS INTERRUPTION) HOWEVER CAUSED AND ON ANY THEORY OF LIABILITY,
// WHETHER IN CONTRACT, STRICT LIABILITY, OR TORT (INCLUDING NEGLIGENCE OR
// OTHERWISE) ARISING IN ANY WAY OUT OF THE USE OF THIS SOFTWARE, EVEN IF
// ADVISED OF THE POSSIBILITY OF SUCH DAMAGE.
////////////////////////////////////////////////////////////////////////////////

=====================
     vas summary     
=====================
DAG name: 'pre_split32_mnet_ssd_adas_flex_pic_prim_split_0'
vas command: /opt/amba/cv28/tv2/release/Vas/cv28.qa.2020-09-02.773/bin/vas1 -auto -no-split-dag -recompile -no-pre-split -fs pre_split32_mnet_ssd_adas_flex_pic_split_0.vas /tmp/vascpppX8K9w.vii -max-name-id 660100000 -comp2-id-range 660100000~660110000 -info "(ARCH cv28 VERSION 77 CVTOOLS_RELEASE 2.2.0) run at 'Tue Sep  8 10:26:30 2020'"
source op primitives:          0
final operators:              16
final descriptors:            28
DAG code num bytes:         1116
vmem num bytes:           138096(134 K)
dcb num bytes:            131040(127 K)
dcb:         3
vcb:         6  full:    6
hmb:        13  full:   13  const:    0
smb:         5              const:    4
scalar:      1
subspace:    0
subspace parent:    0
total hmb input dram size: 22880 bytes
total hmb output dram size: 21312 bytes
total const data + dagbin size: 81124 bytes
total dvi size: 81124 bytes
total ddi size:    0 bytes

total write traffic:
    dcb:            2500 bytes
    vcb:            1688 bytes
    hmb:           21277 bytes
    smb:             768 bytes

total read traffic
    dcb:            2500 bytes
    vcb:            2856 bytes
    hmb:           21781 bytes
    smb:           79960 bytes
    scalar:            1 bytes

VMEM usage >= 4K bytes:

======================
       VMEM map       
======================
vmem_base = 0x1000

0x00000000      --------------------------------------
                  -- nil -- (4096 bytes)
0x00001000      --------------------------------------
                  __vas_created_terminate__v0(software_managed) (96 bytes)
0x00001060      --------------------------------------
                  conv9_2_mbox_loc_flat(hardware_managed) (96 bytes)
0x000010c0      --------------------------------------
                  __pvcn_263_(hardware_managed) (128 bytes)
0x00001140      --------------------------------------
                  __pvcn_270_(hardware_managed) (128 bytes)
0x000011c0      --------------------------------------
                  conv9_2_mbox_conf_flat(hardware_managed) (176 bytes)
0x00001270      --------------------------------------
                  conv9_2_mbox_conf___conv2i___114______10_1_____bn_conv10_1__scale_mul___muli___117_____bn_conv10_1__scale_mul_____scale___loc___conv2i___144___crop___333(vmem_chaining) (192 bytes)
0x00001330      --------------------------------------
                  conv8_2_mbox_loc_flat(hardware_managed) (224 bytes)
0x00001410      --------------------------------------
                  conv9_2_mbox_conf___conv2i___114______10_1_____bn_conv10_1__scale_mul___muli___117_____bn_conv10_1__scale_mul___crop___331(vmem_chaining) (336 bytes)
0x00001560      --------------------------------------
                  conv8_2_mbox_conf_flat(hardware_managed) (384 bytes)
0x000016e0      --------------------------------------
                  relu10_1(vmem_chaining) (512 bytes)
0x000018e0      --------------------------------------
                  conv7_2_mbox_loc_flat(hardware_managed) (608 bytes)
0x00001b40      --------------------------------------
                  conv10_2_____bn_conv10_2__scale_mul___muli___120_____bn_conv10_2__scale_mul_____scale___relu10_2(vmem_chaining) (1024 bytes)
0x00001f40      --------------------------------------
                  conv9_2_mbox_conf___conv2i___114______10_1_____bn_conv10_1__scale_mul___muli___117_____bn_conv10_1__scale_mul_____scale___loc___conv2i___144___muli___378___80(vmem_chaining) (1040 bytes)
0x00002350      --------------------------------------
                  conv7_2_mbox_conf_flat(hardware_managed) (1056 bytes)
0x00002770      --------------------------------------
                  conv9_2_mbox_conf___conv2i___114______10_1_____bn_conv10_1__scale_mul___muli___117_____bn_conv10_1__scale_mul_____scale___loc___conv2i___144______muli___379(vmem_chaining) (2600 bytes)
0x00003198      --------------------------------------
                  __pvcn_2663_(hardware_managed) (6736 bytes)
0x00004be8      --------------------------------------
                  __pvcn_2666_(hardware_managed) (7552 bytes)
0x00006968      --------------------------------------
                  conv9_2_____bn_conv9_2__scale_mul___muli___112_____bn_conv9_2__scale_mul_____scale___relu9_2(hardware_managed) (10240 bytes)
0x00009168      --------------------------------------
                  __pvcn_2683_(hardware_managed) (11792 bytes)
0x0000bf78      --------------------------------------
                  __pvcn_2686_(hardware_managed) (13216 bytes)
0x0000f318      --------------------------------------
                  __pvcn_2643_(software_managed) (45340 bytes)
0x0001a434      --------------------------------------
                  __pvcn_2639_(software_managed) (33280 bytes)
0x00022634      --------------------------------------
                  __pvcn_2640_(software_managed) (700 bytes)
0x000228f0      --------------------------------------
                  __pvcn_2644_(software_managed) (640 bytes)
0x00022b70      --------------------------------------
                  dag binary (1164 bytes)
0x00022ffc      --------------------------------------
                  -- nil -- (380932 bytes)
0x00080000      --------------- (end) ----------------

Mac count summary: 
  total normalized mac count:           220513
    - Ice mac count:                                 1039648
      - ice true mac count:             195696
      - ice normalized mac count:       195696
    - Arithmetic normalized mac count:                  1032
    - Transfer normalized mac count:                   23785

Estimated ICE cycle count: 13326

total vas running time: 0.86 seconds


