////////////////////////////////////////////////////////////////////////////////
// Copyright (c) 2020 Ambarella International LP
////////////////////////////////////////////////////////////////////////////////
// This file and its contents ("Software") are protected by intellectual
// property rights including, without limitation, U.S. and/or foreign
// copyrights. This Software is also the confidential and proprietary
// information of Ambarella International LP and its licensors. You may not use,
// reproduce, disclose, distribute, modify, or otherwise prepare derivative
// works of this Software or any portion thereof except pursuant to a signed
// license agreement or nondisclosure agreement with Ambarella International LP
// or its authorized affiliates. In the absence of such an agreement, you agree
// to promptly notify and return this Software to Ambarella International LP.
//
// THIS SOFTWARE IS PROVIDED "AS IS" AND ANY EXPRESS OR IMPLIED WARRANTIES,
// INCLUDING, BUT NOT LIMITED TO, THE IMPLIED WARRANTIES OF NON-INFRINGEMENT,
// MERCHANTABILITY, AND FITNESS FOR A PARTICULAR PURPOSE ARE DISCLAIMED.
// IN NO EVENT SHALL AMBARELLA INTERNATIONAL LP OR ITS AFFILIATES BE LIABLE
// FOR ANY DIRECT, INDIRECT, INCIDENTAL, SPECIAL, EXEMPLARY, OR CONSEQUENTIAL
// DAMAGES (INCLUDING, BUT NOT LIMITED TO, PROCUREMENT OF SUBSTITUTE GOODS OR
// SERVICES; LOSS OF USE, DATA, OR PROFITS; COMPUTER FAILURE OR MALFUNCTION;
// OR BUSINESS INTERRUPTION) HOWEVER CAUSED AND ON ANY THEORY OF LIABILITY,
// WHETHER IN CONTRACT, STRICT LIABILITY, OR TORT (INCLUDING NEGLIGENCE OR
// OTHERWISE) ARISING IN ANY WAY OUT OF THE USE OF THIS SOFTWARE, EVEN IF
// ADVISED OF THE POSSIBILITY OF SUCH DAMAGE.
////////////////////////////////////////////////////////////////////////////////

=====================
     vas summary     
=====================
DAG name: 'pre_split8_mnet_ssd_adas_flex_pic_prim_split_0'
vas command: /opt/amba/cv28/tv2/release/Vas/cv28.qa.2020-09-02.773/bin/vas1 -auto -no-split-dag -recompile -no-pre-split -fs pre_split8_mnet_ssd_adas_flex_pic_split_0.vas /tmp/vascppkfTxFG.vii -max-name-id 180100000 -comp2-id-range 180100000~180110000 -info "(ARCH cv28 VERSION 77 CVTOOLS_RELEASE 2.2.0) run at 'Tue Sep  8 10:26:18 2020'"
source op primitives:          0
final operators:              10
final descriptors:            20
DAG code num bytes:          720
vmem num bytes:           495236(483 K)
dcb num bytes:            131040(127 K)
dcb:         6
vcb:         2  full:    0
hmb:         7  full:    0  const:    0
smb:         3              const:    2
scalar:      2
subspace:    0
subspace parent:    0
total hmb input dram size: 778240 bytes
total hmb output dram size: 389120 bytes
total const data + dagbin size: 63780 bytes
total dvi size: 63780 bytes
total ddi size:    0 bytes

total write traffic:
    dcb:         2740712 bytes
    vcb:         1108992 bytes
    hmb:          369664 bytes
    smb:             768 bytes

total read traffic
    dcb:         2740712 bytes
    vcb:         1108992 bytes
    hmb:          739328 bytes
    smb:           63012 bytes
    scalar:            2 bytes

VMEM usage >= 4K bytes:

======================
       VMEM map       
======================
vmem_base = 0x1000

0x00000000      --------------------------------------
                  -- nil -- (4096 bytes)
0x00001000      --------------------------------------
                  __vas_created_terminate__v0(software_managed) (96 bytes)
0x00001060      --------------------------------------
                  __pvcn_930_(hardware_managed) (21120 bytes)
0x000062e0      --------------------------------------
                  __pvcn_927_(hardware_managed) (26880 bytes)
0x0000cbe0      --------------------------------------
                  __pvcn_929_(hardware_managed) (26880 bytes)
0x000134e0      --------------------------------------
                  __pvcn_925_(hardware_managed) (29440 bytes)
0x0001a7e0      --------------------------------------
                  __pvcn_928_(hardware_managed) (29440 bytes)
0x00021ae0      --------------------------------------
                  __pvcn_926_(hardware_managed) (30080 bytes)
0x00029060      --------------------------------------
                  conv4_1__dw_____bn_conv4_1__dw__scale_mul___muli___35_____bn_conv4_1__dw__scale_mul_____scale___muli___343(vmem_chaining) (61440 bytes)
0x00038060      --------------------------------------
                  conv4_1__sep_____bn_conv4_1__sep__scale_mul___muli___38_____bn_conv4_1__sep__scale_mul_____scale___muli___344(hardware_managed) (83968 bytes)
0x0004c860      --------------------------------------
                  __pvcn_939_(vmem_chaining) (122880 bytes)
0x0006a860      --------------------------------------
                  __pvcn_937_(software_managed) (60632 bytes)
0x00079538      --------------------------------------
                  __pvcn_938_(software_managed) (2380 bytes)
0x00079e84      --------------------------------------
                  dag binary (768 bytes)
0x0007a184      --------------------------------------
                  -- nil -- (24188 bytes)
0x00080000      --------------- (end) ----------------

Mac count summary: 
  total normalized mac count:         82300780
    - Ice mac count:                                82190960
      - ice true mac count:           78081412
      - ice normalized mac count:     78081412
    - Arithmetic normalized mac count:               2217984
    - Transfer normalized mac count:                 2001384

Estimated ICE cycle count: 744610

total vas running time: 0.63 seconds


