////////////////////////////////////////////////////////////////////////////////
// Copyright (c) 2020 Ambarella International LP
////////////////////////////////////////////////////////////////////////////////
// This file and its contents ("Software") are protected by intellectual
// property rights including, without limitation, U.S. and/or foreign
// copyrights. This Software is also the confidential and proprietary
// information of Ambarella International LP and its licensors. You may not use,
// reproduce, disclose, distribute, modify, or otherwise prepare derivative
// works of this Software or any portion thereof except pursuant to a signed
// license agreement or nondisclosure agreement with Ambarella International LP
// or its authorized affiliates. In the absence of such an agreement, you agree
// to promptly notify and return this Software to Ambarella International LP.
//
// THIS SOFTWARE IS PROVIDED "AS IS" AND ANY EXPRESS OR IMPLIED WARRANTIES,
// INCLUDING, BUT NOT LIMITED TO, THE IMPLIED WARRANTIES OF NON-INFRINGEMENT,
// MERCHANTABILITY, AND FITNESS FOR A PARTICULAR PURPOSE ARE DISCLAIMED.
// IN NO EVENT SHALL AMBARELLA INTERNATIONAL LP OR ITS AFFILIATES BE LIABLE
// FOR ANY DIRECT, INDIRECT, INCIDENTAL, SPECIAL, EXEMPLARY, OR CONSEQUENTIAL
// DAMAGES (INCLUDING, BUT NOT LIMITED TO, PROCUREMENT OF SUBSTITUTE GOODS OR
// SERVICES; LOSS OF USE, DATA, OR PROFITS; COMPUTER FAILURE OR MALFUNCTION;
// OR BUSINESS INTERRUPTION) HOWEVER CAUSED AND ON ANY THEORY OF LIABILITY,
// WHETHER IN CONTRACT, STRICT LIABILITY, OR TORT (INCLUDING NEGLIGENCE OR
// OTHERWISE) ARISING IN ANY WAY OUT OF THE USE OF THIS SOFTWARE, EVEN IF
// ADVISED OF THE POSSIBILITY OF SUCH DAMAGE.
////////////////////////////////////////////////////////////////////////////////

=====================
     vas summary     
=====================
DAG name: 'pre_split26_mnet_ssd_adas_flex_pic_prim_split_0'
vas command: /opt/amba/cv28/tv2/release/Vas/cv28.qa.2020-09-02.773/bin/vas1 -auto -no-split-dag -recompile -no-pre-split -fs pre_split26_mnet_ssd_adas_flex_pic_split_0.vas /tmp/vascppY2aiYu.vii -max-name-id 540100000 -comp2-id-range 540100000~540110000 -info "(ARCH cv28 VERSION 77 CVTOOLS_RELEASE 2.2.0) run at 'Tue Sep  8 10:26:28 2020'"
source op primitives:          0
final operators:              16
final descriptors:            32
DAG code num bytes:         1184
vmem num bytes:           307536(300 K)
dcb num bytes:            131008(127 K)
dcb:        14
vcb:         0  full:    0
hmb:        16  full:    1  const:    0
smb:         1              const:    0
scalar:      1
subspace:    0
subspace parent:    0
total hmb input dram size: 245856 bytes
total hmb output dram size: 122880 bytes
total const data + dagbin size: 1232 bytes
total dvi size: 1232 bytes
total ddi size:    0 bytes

total write traffic:
    dcb:          818000 bytes
    vcb:               0 bytes
    hmb:          102400 bytes
    smb:             768 bytes

total read traffic
    dcb:          818000 bytes
    vcb:               0 bytes
    hmb:          204800 bytes
    smb:               0 bytes
    scalar:            1 bytes

VMEM usage >= 4K bytes:

======================
       VMEM map       
======================
vmem_base = 0x1000

0x00000000      --------------------------------------
                  -- nil -- (4096 bytes)
0x00001000      --------------------------------------
                  __vas_created_terminate__v0(software_managed) (96 bytes)
0x00001060      --------------------------------------
                  __pvcn_2513_(hardware_managed) (1440 bytes)
0x00001600      --------------------------------------
                  __pvcn_2370_(hardware_managed) (13800 bytes)
0x00004be8      --------------------------------------
                  __pvcn_2403_(hardware_managed) (14000 bytes)
0x00008298      --------------------------------------
                  __pvcn_2436_(hardware_managed) (14000 bytes)
0x0000b948      --------------------------------------
                  __pvcn_2502_(hardware_managed) (14000 bytes)
0x0000eff8      --------------------------------------
                  __pvcn_2480_(hardware_managed) (14200 bytes)
0x00012770      --------------------------------------
                  __pvcn_2414_(hardware_managed) (14400 bytes)
0x00015fb0      --------------------------------------
                  __pvcn_2458_(hardware_managed) (14400 bytes)
0x000197f0      --------------------------------------
                  __pvcn_2425_(hardware_managed) (14600 bytes)
0x0001d0f8      --------------------------------------
                  __pvcn_2491_(hardware_managed) (14600 bytes)
0x00020a00      --------------------------------------
                  __pvcn_2447_(hardware_managed) (14800 bytes)
0x000243d0      --------------------------------------
                  __pvcn_2381_(hardware_managed) (15000 bytes)
0x00027e68      --------------------------------------
                  __pvcn_2392_(hardware_managed) (15000 bytes)
0x0002b900      --------------------------------------
                  __pvcn_2469_(hardware_managed) (15200 bytes)
0x0002f460      --------------------------------------
                  __pvcn_2359_(hardware_managed) (15600 bytes)
0x00033150      --------------------------------------
                  conv6__dw_____bn_conv6__dw__scale_mul___muli___85_____bn_conv6__dw__scale_mul_____scale___muli___360(hardware_managed) (102400 bytes)
0x0004c150      --------------------------------------
                  dag binary (1232 bytes)
0x0004c620      --------------------------------------
                  -- nil -- (211424 bytes)
0x00080000      --------------- (end) ----------------

Mac count summary: 
  total normalized mac count:          1022800
    - Ice mac count:                                       0
      - ice true mac count:                  0
      - ice normalized mac count:            0
    - Arithmetic normalized mac count:                204800
    - Transfer normalized mac count:                  818000

Estimated ICE cycle count: 0

total vas running time: 0.93 seconds


