////////////////////////////////////////////////////////////////////////////////
// Copyright (c) 2020 Ambarella International LP
////////////////////////////////////////////////////////////////////////////////
// This file and its contents ("Software") are protected by intellectual
// property rights including, without limitation, U.S. and/or foreign
// copyrights. This Software is also the confidential and proprietary
// information of Ambarella International LP and its licensors. You may not use,
// reproduce, disclose, distribute, modify, or otherwise prepare derivative
// works of this Software or any portion thereof except pursuant to a signed
// license agreement or nondisclosure agreement with Ambarella International LP
// or its authorized affiliates. In the absence of such an agreement, you agree
// to promptly notify and return this Software to Ambarella International LP.
//
// THIS SOFTWARE IS PROVIDED "AS IS" AND ANY EXPRESS OR IMPLIED WARRANTIES,
// INCLUDING, BUT NOT LIMITED TO, THE IMPLIED WARRANTIES OF NON-INFRINGEMENT,
// MERCHANTABILITY, AND FITNESS FOR A PARTICULAR PURPOSE ARE DISCLAIMED.
// IN NO EVENT SHALL AMBARELLA INTERNATIONAL LP OR ITS AFFILIATES BE LIABLE
// FOR ANY DIRECT, INDIRECT, INCIDENTAL, SPECIAL, EXEMPLARY, OR CONSEQUENTIAL
// DAMAGES (INCLUDING, BUT NOT LIMITED TO, PROCUREMENT OF SUBSTITUTE GOODS OR
// SERVICES; LOSS OF USE, DATA, OR PROFITS; COMPUTER FAILURE OR MALFUNCTION;
// OR BUSINESS INTERRUPTION) HOWEVER CAUSED AND ON ANY THEORY OF LIABILITY,
// WHETHER IN CONTRACT, STRICT LIABILITY, OR TORT (INCLUDING NEGLIGENCE OR
// OTHERWISE) ARISING IN ANY WAY OUT OF THE USE OF THIS SOFTWARE, EVEN IF
// ADVISED OF THE POSSIBILITY OF SUCH DAMAGE.
////////////////////////////////////////////////////////////////////////////////

=====================
     vas summary     
=====================
DAG name: 'pre_split3_mnet_ssd_adas_flex_pic_prim_split_0'
vas command: /opt/amba/cv28/tv2/release/Vas/cv28.qa.2020-09-02.773/bin/vas1 -auto -no-split-dag -recompile -no-pre-split -fs pre_split3_mnet_ssd_adas_flex_pic_split_0.vas /tmp/vascppa3A4gg.vii -max-name-id 80100000 -comp2-id-range 80100000~80110000 -info "(ARCH cv28 VERSION 77 CVTOOLS_RELEASE 2.2.0) run at 'Tue Sep  8 10:26:14 2020'"
source op primitives:          0
final operators:              19
final descriptors:            52
DAG code num bytes:         2268
vmem num bytes:           509772(497 K)
dcb num bytes:             65536(64 K)
dcb:         1
vcb:         2  full:    0
hmb:        16  full:    0  const:    0
smb:        31              const:   30
scalar:      2
subspace:    0
subspace parent:    0
total hmb input dram size: 768000 bytes
total hmb output dram size: 1093280 bytes
total const data + dagbin size: 20984 bytes
total dvi size: 20984 bytes
total ddi size:    0 bytes

total write traffic:
    dcb:         1440000 bytes
    vcb:         2160000 bytes
    hmb:         1029016 bytes
    smb:             768 bytes

total read traffic
    dcb:         1440000 bytes
    vcb:        12240000 bytes
    hmb:          720000 bytes
    smb:           18668 bytes
    scalar:            2 bytes

VMEM usage >= 4K bytes:

======================
       VMEM map       
======================
vmem_base = 0x1000

0x00000000      --------------------------------------
                  -- nil -- (4096 bytes)
0x00001000      --------------------------------------
                  __vas_created_terminate__v0(software_managed) (96 bytes)
0x00001060      --------------------------------------
                  __pvcn_648_(hardware_managed) (2240 bytes)
0x00001920      --------------------------------------
                  __pvcn_659_(hardware_managed) (2240 bytes)
0x000021e0      --------------------------------------
                  __pvcn_692_(hardware_managed) (2240 bytes)
0x00002aa0      --------------------------------------
                  __pvcn_637_(hardware_managed) (2560 bytes)
0x000034a0      --------------------------------------
                  __pvcn_670_(hardware_managed) (2560 bytes)
0x00003ea0      --------------------------------------
                  __pvcn_681_(hardware_managed) (2880 bytes)
0x000049e0      --------------------------------------
                  __pvcn_549_(hardware_managed) (4480 bytes)
0x00005b60      --------------------------------------
                  __pvcn_560_(hardware_managed) (4480 bytes)
0x00006ce0      --------------------------------------
                  __pvcn_571_(hardware_managed) (4480 bytes)
0x00007e60      --------------------------------------
                  __pvcn_593_(hardware_managed) (4480 bytes)
0x00008fe0      --------------------------------------
                  __pvcn_582_(hardware_managed) (5120 bytes)
0x0000a3e0      --------------------------------------
                  __pvcn_604_(hardware_managed) (5120 bytes)
0x0000b7e0      --------------------------------------
                  __pvcn_626_(hardware_managed) (5120 bytes)
0x0000cbe0      --------------------------------------
                  __pvcn_615_(hardware_managed) (5760 bytes)
0x0000e260      --------------------------------------
                  __pvcn_531_(vmem_chaining) (81920 bytes)
0x00022260      --------------------------------------
                  __vcn_2726_(hardware_managed) (81920 bytes)
0x00036260      --------------------------------------
                  conv3_1__dw_____bn_conv3_1__dw__scale_mul___muli___23_____bn_conv3_1__dw__scale_mul_____scale___relu3_1__dw(hardware_managed) (83968 bytes)
0x0004aa60      --------------------------------------
                  conv3_1__sep_____bn_conv3_1__sep__scale_mul___muli___26_____bn_conv3_1__sep__scale_mul_____scale___muli___340(vmem_chaining) (189440 bytes)
0x00078e60      --------------------------------------
                  __pvcn_529_(software_managed) (15120 bytes)
0x0007c970      --------------------------------------
                  __pvcn_530_(software_managed) (1192 bytes)
0x0007ce18      --------------------------------------
                  __pvcn_668_(software_managed) (104 bytes)
0x0007ce80      --------------------------------------
                  __pvcn_613_(software_managed) (104 bytes)
0x0007cee8      --------------------------------------
                  __pvcn_624_(software_managed) (100 bytes)
0x0007cf4c      --------------------------------------
                  __pvcn_602_(software_managed) (100 bytes)
0x0007cfb0      --------------------------------------
                  __pvcn_690_(software_managed) (96 bytes)
0x0007d010      --------------------------------------
                  __pvcn_679_(software_managed) (96 bytes)
0x0007d070      --------------------------------------
                  __pvcn_657_(software_managed) (96 bytes)
0x0007d0d0      --------------------------------------
                  __pvcn_646_(software_managed) (96 bytes)
0x0007d130      --------------------------------------
                  __pvcn_635_(software_managed) (96 bytes)
0x0007d190      --------------------------------------
                  __pvcn_591_(software_managed) (96 bytes)
0x0007d1f0      --------------------------------------
                  __pvcn_580_(software_managed) (96 bytes)
0x0007d250      --------------------------------------
                  __pvcn_569_(software_managed) (96 bytes)
0x0007d2b0      --------------------------------------
                  __pvcn_558_(software_managed) (96 bytes)
0x0007d310      --------------------------------------
                  __pvcn_547_(software_managed) (96 bytes)
0x0007d370      --------------------------------------
                  __pvcn_680_(software_managed) (76 bytes)
0x0007d3bc      --------------------------------------
                  __pvcn_614_(software_managed) (76 bytes)
0x0007d408      --------------------------------------
                  __pvcn_669_(software_managed) (72 bytes)
0x0007d450      --------------------------------------
                  __pvcn_636_(software_managed) (72 bytes)
0x0007d498      --------------------------------------
                  __pvcn_625_(software_managed) (72 bytes)
0x0007d4e0      --------------------------------------
                  __pvcn_603_(software_managed) (72 bytes)
0x0007d528      --------------------------------------
                  __pvcn_581_(software_managed) (72 bytes)
0x0007d570      --------------------------------------
                  __pvcn_691_(software_managed) (68 bytes)
0x0007d5b4      --------------------------------------
                  __pvcn_658_(software_managed) (68 bytes)
0x0007d5f8      --------------------------------------
                  __pvcn_647_(software_managed) (68 bytes)
0x0007d63c      --------------------------------------
                  __pvcn_592_(software_managed) (68 bytes)
0x0007d680      --------------------------------------
                  __pvcn_570_(software_managed) (68 bytes)
0x0007d6c4      --------------------------------------
                  __pvcn_559_(software_managed) (68 bytes)
0x0007d708      --------------------------------------
                  __pvcn_548_(software_managed) (68 bytes)
0x0007d74c      --------------------------------------
                  dag binary (2316 bytes)
0x0007e058      --------------------------------------
                  -- nil -- (8104 bytes)
0x00080000      --------------- (end) ----------------

Mac count summary: 
  total normalized mac count:         83873466
    - Ice mac count:                                85589280
      - ice true mac count:           80273466
      - ice normalized mac count:     80273466
    - Arithmetic normalized mac count:               2880000
    - Transfer normalized mac count:                  720000

Estimated ICE cycle count: 1777065

total vas running time: 2.09 seconds


