////////////////////////////////////////////////////////////////////////////////
// Copyright (c) 2020 Ambarella International LP
////////////////////////////////////////////////////////////////////////////////
// This file and its contents ("Software") are protected by intellectual
// property rights including, without limitation, U.S. and/or foreign
// copyrights. This Software is also the confidential and proprietary
// information of Ambarella International LP and its licensors. You may not use,
// reproduce, disclose, distribute, modify, or otherwise prepare derivative
// works of this Software or any portion thereof except pursuant to a signed
// license agreement or nondisclosure agreement with Ambarella International LP
// or its authorized affiliates. In the absence of such an agreement, you agree
// to promptly notify and return this Software to Ambarella International LP.
//
// THIS SOFTWARE IS PROVIDED "AS IS" AND ANY EXPRESS OR IMPLIED WARRANTIES,
// INCLUDING, BUT NOT LIMITED TO, THE IMPLIED WARRANTIES OF NON-INFRINGEMENT,
// MERCHANTABILITY, AND FITNESS FOR A PARTICULAR PURPOSE ARE DISCLAIMED.
// IN NO EVENT SHALL AMBARELLA INTERNATIONAL LP OR ITS AFFILIATES BE LIABLE
// FOR ANY DIRECT, INDIRECT, INCIDENTAL, SPECIAL, EXEMPLARY, OR CONSEQUENTIAL
// DAMAGES (INCLUDING, BUT NOT LIMITED TO, PROCUREMENT OF SUBSTITUTE GOODS OR
// SERVICES; LOSS OF USE, DATA, OR PROFITS; COMPUTER FAILURE OR MALFUNCTION;
// OR BUSINESS INTERRUPTION) HOWEVER CAUSED AND ON ANY THEORY OF LIABILITY,
// WHETHER IN CONTRACT, STRICT LIABILITY, OR TORT (INCLUDING NEGLIGENCE OR
// OTHERWISE) ARISING IN ANY WAY OUT OF THE USE OF THIS SOFTWARE, EVEN IF
// ADVISED OF THE POSSIBILITY OF SUCH DAMAGE.
////////////////////////////////////////////////////////////////////////////////

=====================
     vas summary     
=====================
DAG name: 'pre_split16_mnet_ssd_adas_flex_pic_prim_split_0'
vas command: /opt/amba/cv28/tv2/release/Vas/cv28.qa.2020-09-02.773/bin/vas1 -auto -no-split-dag -recompile -no-pre-split -fs pre_split16_mnet_ssd_adas_flex_pic_split_0.vas /tmp/vascppwkttwe.vii -max-name-id 340100000 -comp2-id-range 340100000~340110000 -info "(ARCH cv28 VERSION 77 CVTOOLS_RELEASE 2.2.0) run at 'Tue Sep  8 10:26:23 2020'"
source op primitives:          0
final operators:              22
final descriptors:            36
DAG code num bytes:         1428
vmem num bytes:           504672(492 K)
dcb num bytes:            131008(127 K)
dcb:        14
vcb:         0  full:    0
hmb:        21  full:    0  const:    0
smb:         1              const:    0
scalar:      0
subspace:    0
subspace parent:    0
total hmb input dram size: 467008 bytes
total hmb output dram size: 467008 bytes
total const data + dagbin size: 1476 bytes
total dvi size: 1476 bytes
total ddi size:    0 bytes

total write traffic:
    dcb:          369664 bytes
    vcb:               0 bytes
    hmb:          369664 bytes
    smb:             768 bytes

total read traffic
    dcb:          369664 bytes
    vcb:               0 bytes
    hmb:          369664 bytes
    smb:               0 bytes
    scalar:            0 bytes

VMEM usage >= 4K bytes:

======================
       VMEM map       
======================
vmem_base = 0x1000

0x00000000      --------------------------------------
                  -- nil -- (4096 bytes)
0x00001000      --------------------------------------
                  __vas_created_terminate__v0(software_managed) (96 bytes)
0x00001060      --------------------------------------
                  __pvcn_1703_(hardware_managed) (13440 bytes)
0x000044e0      --------------------------------------
                  __pvcn_1681_(hardware_managed) (13824 bytes)
0x00007ae0      --------------------------------------
                  __pvcn_1736_(hardware_managed) (13824 bytes)
0x0000b0e0      --------------------------------------
                  __pvcn_1747_(hardware_managed) (14208 bytes)
0x0000e860      --------------------------------------
                  __pvcn_1725_(hardware_managed) (14592 bytes)
0x00012160      --------------------------------------
                  __pvcn_1714_(hardware_managed) (15360 bytes)
0x00015d60      --------------------------------------
                  __pvcn_1813_(hardware_managed) (22272 bytes)
0x0001b460      --------------------------------------
                  __pvcn_1836_(hardware_managed) (25728 bytes)
0x000218e0      --------------------------------------
                  __pvcn_1670_(hardware_managed) (26880 bytes)
0x000281e0      --------------------------------------
                  __pvcn_1830_(hardware_managed) (27264 bytes)
0x0002ec60      --------------------------------------
                  __pvcn_1831_(hardware_managed) (27264 bytes)
0x000356e0      --------------------------------------
                  __pvcn_1692_(hardware_managed) (27648 bytes)
0x0003c2e0      --------------------------------------
                  __pvcn_1769_(hardware_managed) (27648 bytes)
0x00042ee0      --------------------------------------
                  __pvcn_1791_(hardware_managed) (27648 bytes)
0x00049ae0      --------------------------------------
                  __pvcn_1833_(hardware_managed) (28032 bytes)
0x00050860      --------------------------------------
                  __pvcn_1802_(hardware_managed) (29184 bytes)
0x00057a60      --------------------------------------
                  __pvcn_1834_(hardware_managed) (29184 bytes)
0x0005ec60      --------------------------------------
                  __pvcn_1835_(hardware_managed) (29184 bytes)
0x00065e60      --------------------------------------
                  __pvcn_1832_(hardware_managed) (29952 bytes)
0x0006d360      --------------------------------------
                  __pvcn_1758_(hardware_managed) (30720 bytes)
0x00074b60      --------------------------------------
                  __pvcn_1780_(hardware_managed) (30720 bytes)
0x0007c360      --------------------------------------
                  dag binary (1476 bytes)
0x0007c924      --------------------------------------
                  -- nil -- (14044 bytes)
0x00080000      --------------- (end) ----------------

Mac count summary: 
  total normalized mac count:           739328
    - Ice mac count:                                       0
      - ice true mac count:                  0
      - ice normalized mac count:            0
    - Arithmetic normalized mac count:                369664
    - Transfer normalized mac count:                  369664

Estimated ICE cycle count: 0

total vas running time: 1.13 seconds


