////////////////////////////////////////////////////////////////////////////////
// Copyright (c) 2020 Ambarella International LP
////////////////////////////////////////////////////////////////////////////////
// This file and its contents ("Software") are protected by intellectual
// property rights including, without limitation, U.S. and/or foreign
// copyrights. This Software is also the confidential and proprietary
// information of Ambarella International LP and its licensors. You may not use,
// reproduce, disclose, distribute, modify, or otherwise prepare derivative
// works of this Software or any portion thereof except pursuant to a signed
// license agreement or nondisclosure agreement with Ambarella International LP
// or its authorized affiliates. In the absence of such an agreement, you agree
// to promptly notify and return this Software to Ambarella International LP.
//
// THIS SOFTWARE IS PROVIDED "AS IS" AND ANY EXPRESS OR IMPLIED WARRANTIES,
// INCLUDING, BUT NOT LIMITED TO, THE IMPLIED WARRANTIES OF NON-INFRINGEMENT,
// MERCHANTABILITY, AND FITNESS FOR A PARTICULAR PURPOSE ARE DISCLAIMED.
// IN NO EVENT SHALL AMBARELLA INTERNATIONAL LP OR ITS AFFILIATES BE LIABLE
// FOR ANY DIRECT, INDIRECT, INCIDENTAL, SPECIAL, EXEMPLARY, OR CONSEQUENTIAL
// DAMAGES (INCLUDING, BUT NOT LIMITED TO, PROCUREMENT OF SUBSTITUTE GOODS OR
// SERVICES; LOSS OF USE, DATA, OR PROFITS; COMPUTER FAILURE OR MALFUNCTION;
// OR BUSINESS INTERRUPTION) HOWEVER CAUSED AND ON ANY THEORY OF LIABILITY,
// WHETHER IN CONTRACT, STRICT LIABILITY, OR TORT (INCLUDING NEGLIGENCE OR
// OTHERWISE) ARISING IN ANY WAY OUT OF THE USE OF THIS SOFTWARE, EVEN IF
// ADVISED OF THE POSSIBILITY OF SUCH DAMAGE.
////////////////////////////////////////////////////////////////////////////////

=====================
     vas summary     
=====================
DAG name: 'pre_split24_mnet_ssd_adas_flex_pic_prim_split_0'
vas command: /opt/amba/cv28/tv2/release/Vas/cv28.qa.2020-09-02.773/bin/vas1 -auto -no-split-dag -recompile -no-pre-split -fs pre_split24_mnet_ssd_adas_flex_pic_split_0.vas /tmp/vascppaZ8Ghb.vii -max-name-id 500100000 -comp2-id-range 500100000~500110000 -info "(ARCH cv28 VERSION 77 CVTOOLS_RELEASE 2.2.0) run at 'Tue Sep  8 10:26:28 2020'"
source op primitives:          0
final operators:              20
final descriptors:            53
DAG code num bytes:         2328
vmem num bytes:           507496(495 K)
dcb num bytes:            131040(127 K)
dcb:         3
vcb:         1  full:    0
hmb:        17  full:    1  const:    0
smb:        31              const:   30
scalar:      1
subspace:    0
subspace parent:    0
total hmb input dram size: 245760 bytes
total hmb output dram size: 245856 bytes
total const data + dagbin size: 25296 bytes
total dvi size: 25296 bytes
total ddi size:    0 bytes

total write traffic:
    dcb:          409600 bytes
    vcb:          102400 bytes
    hmb:          204800 bytes
    smb:             768 bytes

total read traffic
    dcb:          409600 bytes
    vcb:         1536000 bytes
    hmb:          204800 bytes
    smb:           22920 bytes
    scalar:            1 bytes

VMEM usage >= 4K bytes:

======================
       VMEM map       
======================
vmem_base = 0x1000

0x00000000      --------------------------------------
                  -- nil -- (4096 bytes)
0x00001000      --------------------------------------
                  __vas_created_terminate__v0(software_managed) (96 bytes)
0x00001060      --------------------------------------
                  __pvcn_2519_(hardware_managed) (1440 bytes)
0x00001600      --------------------------------------
                  __pvcn_2508_(hardware_managed) (6720 bytes)
0x00003040      --------------------------------------
                  __pvcn_2376_(hardware_managed) (13800 bytes)
0x00006628      --------------------------------------
                  __pvcn_2409_(hardware_managed) (14000 bytes)
0x00009cd8      --------------------------------------
                  __pvcn_2442_(hardware_managed) (14000 bytes)
0x0000d388      --------------------------------------
                  __pvcn_2486_(hardware_managed) (14200 bytes)
0x00010b00      --------------------------------------
                  __pvcn_2420_(hardware_managed) (14400 bytes)
0x00014340      --------------------------------------
                  __pvcn_2464_(hardware_managed) (14400 bytes)
0x00017b80      --------------------------------------
                  __pvcn_2431_(hardware_managed) (14600 bytes)
0x0001b488      --------------------------------------
                  __pvcn_2497_(hardware_managed) (14600 bytes)
0x0001ed90      --------------------------------------
                  __pvcn_2453_(hardware_managed) (14800 bytes)
0x00022760      --------------------------------------
                  __pvcn_2387_(hardware_managed) (15000 bytes)
0x000261f8      --------------------------------------
                  __pvcn_2398_(hardware_managed) (15000 bytes)
0x00029c90      --------------------------------------
                  __pvcn_2475_(hardware_managed) (15200 bytes)
0x0002d7f0      --------------------------------------
                  __pvcn_2365_(hardware_managed) (15600 bytes)
0x000314e0      --------------------------------------
                  conv5_6__sep_____bn_conv5_6__sep__scale_mul___muli___82_____bn_conv5_6__sep__scale_mul_____scale___muli___359(vmem_chaining) (81920 bytes)
0x000454e0      --------------------------------------
                  __pvcn_2281_(hardware_managed) (102400 bytes)
0x0005e4e0      --------------------------------------
                  __pvcn_2292_(hardware_managed) (102400 bytes)
0x000774e0      --------------------------------------
                  __pvcn_2363_(software_managed) (1060 bytes)
0x00077904      --------------------------------------
                  __pvcn_2385_(software_managed) (1044 bytes)
0x00077d18      --------------------------------------
                  __pvcn_2495_(software_managed) (1020 bytes)
0x00078114      --------------------------------------
                  __pvcn_2396_(software_managed) (1016 bytes)
0x0007850c      --------------------------------------
                  __pvcn_2462_(software_managed) (1012 bytes)
0x00078900      --------------------------------------
                  __pvcn_2451_(software_managed) (1012 bytes)
0x00078cf4      --------------------------------------
                  __pvcn_2484_(software_managed) (1008 bytes)
0x000790e4      --------------------------------------
                  __pvcn_2473_(software_managed) (1000 bytes)
0x000794cc      --------------------------------------
                  __pvcn_2506_(software_managed) (984 bytes)
0x000798a4      --------------------------------------
                  __pvcn_2429_(software_managed) (972 bytes)
0x00079c70      --------------------------------------
                  __pvcn_2440_(software_managed) (932 bytes)
0x0007a014      --------------------------------------
                  __pvcn_2407_(software_managed) (932 bytes)
0x0007a3b8      --------------------------------------
                  __pvcn_2418_(software_managed) (912 bytes)
0x0007a748      --------------------------------------
                  __pvcn_2374_(software_managed) (900 bytes)
0x0007aacc      --------------------------------------
                  __pvcn_2364_(software_managed) (672 bytes)
0x0007ad6c      --------------------------------------
                  __pvcn_2474_(software_managed) (664 bytes)
0x0007b004      --------------------------------------
                  __pvcn_2386_(software_managed) (664 bytes)
0x0007b29c      --------------------------------------
                  __pvcn_2397_(software_managed) (660 bytes)
0x0007b530      --------------------------------------
                  __pvcn_2496_(software_managed) (656 bytes)
0x0007b7c0      --------------------------------------
                  __pvcn_2452_(software_managed) (656 bytes)
0x0007ba50      --------------------------------------
                  __pvcn_2430_(software_managed) (656 bytes)
0x0007bce0      --------------------------------------
                  __pvcn_2463_(software_managed) (648 bytes)
0x0007bf68      --------------------------------------
                  __pvcn_2507_(software_managed) (640 bytes)
0x0007c1e8      --------------------------------------
                  __pvcn_2485_(software_managed) (640 bytes)
0x0007c468      --------------------------------------
                  __pvcn_2419_(software_managed) (612 bytes)
0x0007c6cc      --------------------------------------
                  __pvcn_2441_(software_managed) (604 bytes)
0x0007c928      --------------------------------------
                  __pvcn_2408_(software_managed) (604 bytes)
0x0007cb84      --------------------------------------
                  __pvcn_2375_(software_managed) (596 bytes)
0x0007cdd8      --------------------------------------
                  __pvcn_2517_(software_managed) (84 bytes)
0x0007ce2c      --------------------------------------
                  __pvcn_2518_(software_managed) (60 bytes)
0x0007ce68      --------------------------------------
                  dag binary (2376 bytes)
0x0007d7b0      --------------------------------------
                  -- nil -- (10320 bytes)
0x00080000      --------------- (end) ----------------

Mac count summary: 
  total normalized mac count:          1355600
    - Ice mac count:                                 1185920
      - ice true mac count:             741200
      - ice normalized mac count:       741200
    - Arithmetic normalized mac count:                409600
    - Transfer normalized mac count:                  204800

Estimated ICE cycle count: 3358708

total vas running time: 1.57 seconds


