////////////////////////////////////////////////////////////////////////////////
// Copyright (c) 2020 Ambarella International LP
////////////////////////////////////////////////////////////////////////////////
// This file and its contents ("Software") are protected by intellectual
// property rights including, without limitation, U.S. and/or foreign
// copyrights. This Software is also the confidential and proprietary
// information of Ambarella International LP and its licensors. You may not use,
// reproduce, disclose, distribute, modify, or otherwise prepare derivative
// works of this Software or any portion thereof except pursuant to a signed
// license agreement or nondisclosure agreement with Ambarella International LP
// or its authorized affiliates. In the absence of such an agreement, you agree
// to promptly notify and return this Software to Ambarella International LP.
//
// THIS SOFTWARE IS PROVIDED "AS IS" AND ANY EXPRESS OR IMPLIED WARRANTIES,
// INCLUDING, BUT NOT LIMITED TO, THE IMPLIED WARRANTIES OF NON-INFRINGEMENT,
// MERCHANTABILITY, AND FITNESS FOR A PARTICULAR PURPOSE ARE DISCLAIMED.
// IN NO EVENT SHALL AMBARELLA INTERNATIONAL LP OR ITS AFFILIATES BE LIABLE
// FOR ANY DIRECT, INDIRECT, INCIDENTAL, SPECIAL, EXEMPLARY, OR CONSEQUENTIAL
// DAMAGES (INCLUDING, BUT NOT LIMITED TO, PROCUREMENT OF SUBSTITUTE GOODS OR
// SERVICES; LOSS OF USE, DATA, OR PROFITS; COMPUTER FAILURE OR MALFUNCTION;
// OR BUSINESS INTERRUPTION) HOWEVER CAUSED AND ON ANY THEORY OF LIABILITY,
// WHETHER IN CONTRACT, STRICT LIABILITY, OR TORT (INCLUDING NEGLIGENCE OR
// OTHERWISE) ARISING IN ANY WAY OUT OF THE USE OF THIS SOFTWARE, EVEN IF
// ADVISED OF THE POSSIBILITY OF SUCH DAMAGE.
////////////////////////////////////////////////////////////////////////////////

=====================
     vas summary     
=====================
DAG name: 'pre_split29_flexidag_openseg_prim_split_0'
vas command: /opt/amba/cv28/tv2/release/Vas/cv28.qa.2020-09-02.773/bin/vas1 -auto -no-split-dag -recompile -no-pre-split -fs pre_split29_flexidag_openseg_split_0.vas /tmp/vascppIow4id.vii -max-name-id 600100000 -comp2-id-range 600100000~600110000 -info "(ARCH cv28 VERSION 77 CVTOOLS_RELEASE 2.2.0) run at 'Tue Sep  8 10:30:34 2020'"
source op primitives:          0
final operators:              21
final descriptors:            34
DAG code num bytes:         1108
vmem num bytes:            77288(75 K)
dcb num bytes:            131040(127 K)
dcb:        11
vcb:         8  full:    8
hmb:         2  full:    1  const:    0
smb:         7              const:    6
scalar:      6
subspace:    0
subspace parent:    0
total hmb input dram size: 61440 bytes
total hmb output dram size: 51200 bytes
total const data + dagbin size: 1316 bytes
total dvi size: 1316 bytes
total ddi size:    0 bytes

total write traffic:
    dcb:           51270 bytes
    vcb:              55 bytes
    hmb:           51200 bytes
    smb:             768 bytes

total read traffic
    dcb:           51290 bytes
    vcb:              55 bytes
    hmb:          153600 bytes
    smb:             158 bytes
    scalar:            7 bytes

VMEM usage >= 4K bytes:

======================
       VMEM map       
======================
vmem_base = 0x1000

0x00000000      --------------------------------------
                  -- nil -- (4096 bytes)
0x00001000      --------------------------------------
                  Conv_6__Conv2D___dotib___378(vmem_chaining) (8 bytes)
0x00001008      --------------------------------------
                  Conv_7__Conv2D___dotib___380(vmem_chaining) (8 bytes)
0x00001010      --------------------------------------
                  __pvcn_551_(vmem_chaining) (8 bytes)
0x00001018      --------------------------------------
                  __pvcn_558_(vmem_chaining) (8 bytes)
0x00001020      --------------------------------------
                  Relu_4(vmem_chaining) (20 bytes)
0x00001034      --------------------------------------
                  Sigmoid_2___mul___273(vmem_chaining) (20 bytes)
0x00001048      --------------------------------------
                  Sigmoid_2(vmem_chaining) (40 bytes)
0x00001070      --------------------------------------
                  __pvcn_1178_(vmem_chaining) (40 bytes)
0x00001098      --------------------------------------
                  __vas_created_terminate__v0(software_managed) (96 bytes)
0x000010f8      --------------------------------------
                  Add(hardware_managed) (25640 bytes)
0x00007520      --------------------------------------
                  Conv_5__Conv2D___BiasAdd___BatchNorm_5__FusedBatchNorm___muli___136___BatchNorm_5__FusedBatchNorm___Relu_3___muli___492___Mean_3_src0_nhwc___nhwc___transpose___138(hardware_managed) (51240 bytes)
0x00013d48      --------------------------------------
                  __pvcn_1167_(software_managed) (44 bytes)
0x00013d74      --------------------------------------
                  __pvcn_1163_(software_managed) (44 bytes)
0x00013da0      --------------------------------------
                  __pvcn_1162_(software_managed) (28 bytes)
0x00013dbc      --------------------------------------
                  __pvcn_1166_(software_managed) (24 bytes)
0x00013dd4      --------------------------------------
                  __pvcn_1171_(software_managed) (12 bytes)
0x00013de0      --------------------------------------
                  __pvcn_1170_(software_managed) (8 bytes)
0x00013de8      --------------------------------------
                  dag binary (1156 bytes)
0x0001426c      --------------------------------------
                  -- nil -- (441748 bytes)
0x00080000      --------------- (end) ----------------

Mac count summary: 
  total normalized mac count:           204942
    - Ice mac count:                                      32
      - ice true mac count:                 32
      - ice normalized mac count:           32
    - Arithmetic normalized mac count:                204885
    - Integ normalized mac count:                         20
    - Logical normalized mac count:                        5

Estimated ICE cycle count: 6

total vas running time: 1.10 seconds


