////////////////////////////////////////////////////////////////////////////////
// Copyright (c) 2020 Ambarella International LP
////////////////////////////////////////////////////////////////////////////////
// This file and its contents ("Software") are protected by intellectual
// property rights including, without limitation, U.S. and/or foreign
// copyrights. This Software is also the confidential and proprietary
// information of Ambarella International LP and its licensors. You may not use,
// reproduce, disclose, distribute, modify, or otherwise prepare derivative
// works of this Software or any portion thereof except pursuant to a signed
// license agreement or nondisclosure agreement with Ambarella International LP
// or its authorized affiliates. In the absence of such an agreement, you agree
// to promptly notify and return this Software to Ambarella International LP.
//
// THIS SOFTWARE IS PROVIDED "AS IS" AND ANY EXPRESS OR IMPLIED WARRANTIES,
// INCLUDING, BUT NOT LIMITED TO, THE IMPLIED WARRANTIES OF NON-INFRINGEMENT,
// MERCHANTABILITY, AND FITNESS FOR A PARTICULAR PURPOSE ARE DISCLAIMED.
// IN NO EVENT SHALL AMBARELLA INTERNATIONAL LP OR ITS AFFILIATES BE LIABLE
// FOR ANY DIRECT, INDIRECT, INCIDENTAL, SPECIAL, EXEMPLARY, OR CONSEQUENTIAL
// DAMAGES (INCLUDING, BUT NOT LIMITED TO, PROCUREMENT OF SUBSTITUTE GOODS OR
// SERVICES; LOSS OF USE, DATA, OR PROFITS; COMPUTER FAILURE OR MALFUNCTION;
// OR BUSINESS INTERRUPTION) HOWEVER CAUSED AND ON ANY THEORY OF LIABILITY,
// WHETHER IN CONTRACT, STRICT LIABILITY, OR TORT (INCLUDING NEGLIGENCE OR
// OTHERWISE) ARISING IN ANY WAY OUT OF THE USE OF THIS SOFTWARE, EVEN IF
// ADVISED OF THE POSSIBILITY OF SUCH DAMAGE.
////////////////////////////////////////////////////////////////////////////////

=====================
     vas summary     
=====================
DAG name: 'pre_split21_flexidag_openseg_prim_split_0'
vas command: /opt/amba/cv28/tv2/release/Vas/cv28.qa.2020-09-02.773/bin/vas1 -auto -no-split-dag -recompile -no-pre-split -fs pre_split21_flexidag_openseg_split_0.vas /tmp/vascppfW1OmH.vii -max-name-id 440100000 -comp2-id-range 440100000~440110000 -info "(ARCH cv28 VERSION 77 CVTOOLS_RELEASE 2.2.0) run at 'Tue Sep  8 10:30:25 2020'"
source op primitives:          0
final operators:               2
final descriptors:             5
DAG code num bytes:          196
vmem num bytes:           501016(489 K)
dcb num bytes:               N/A
dcb:         0
vcb:         0  full:    0
hmb:         2  full:    0  const:    0
smb:         3              const:    2
scalar:      0
subspace:    0
subspace parent:    0
total hmb input dram size: 1310720 bytes
total hmb output dram size: 1310720 bytes
total const data + dagbin size: 165292 bytes
total dvi size: 165292 bytes
total ddi size:    0 bytes

total write traffic:
    dcb:               0 bytes
    vcb:               0 bytes
    hmb:         1310720 bytes
    smb:             768 bytes

total read traffic
    dcb:               0 bytes
    vcb:               0 bytes
    hmb:         1310720 bytes
    smb:          165048 bytes
    scalar:            0 bytes

VMEM usage >= 4K bytes:

======================
       VMEM map       
======================
vmem_base = 0x1000

0x00000000      --------------------------------------
                  -- nil -- (4096 bytes)
0x00001000      --------------------------------------
                  __vas_created_terminate__v0(software_managed) (96 bytes)
0x00001060      --------------------------------------
                  PeleeNet__stage_3_transition_layer__transition_layer_conv0__Conv2D___BatchNorm__FusedBatchNorm___Relu(hardware_managed) (163840 bytes)
0x00029060      --------------------------------------
                  PeleeNet__stage_3_dense_block_7__concat(hardware_managed) (172032 bytes)
0x00053060      --------------------------------------
                  __pvcn_1024_(software_managed) (162488 bytes)
0x0007ab18      --------------------------------------
                  __pvcn_1025_(software_managed) (2560 bytes)
0x0007b518      --------------------------------------
                  dag binary (244 bytes)
0x0007b60c      --------------------------------------
                  -- nil -- (18932 bytes)
0x00080000      --------------- (end) ----------------

Mac count summary: 
  total normalized mac count:        305246720
    - Ice mac count:                               305246720
      - ice true mac count:          305246720
      - ice normalized mac count:    305246720

Estimated ICE cycle count: 2397760

total vas running time: 0.15 seconds


