////////////////////////////////////////////////////////////////////////////////
// Copyright (c) 2020 Ambarella International LP
////////////////////////////////////////////////////////////////////////////////
// This file and its contents ("Software") are protected by intellectual
// property rights including, without limitation, U.S. and/or foreign
// copyrights. This Software is also the confidential and proprietary
// information of Ambarella International LP and its licensors. You may not use,
// reproduce, disclose, distribute, modify, or otherwise prepare derivative
// works of this Software or any portion thereof except pursuant to a signed
// license agreement or nondisclosure agreement with Ambarella International LP
// or its authorized affiliates. In the absence of such an agreement, you agree
// to promptly notify and return this Software to Ambarella International LP.
//
// THIS SOFTWARE IS PROVIDED "AS IS" AND ANY EXPRESS OR IMPLIED WARRANTIES,
// INCLUDING, BUT NOT LIMITED TO, THE IMPLIED WARRANTIES OF NON-INFRINGEMENT,
// MERCHANTABILITY, AND FITNESS FOR A PARTICULAR PURPOSE ARE DISCLAIMED.
// IN NO EVENT SHALL AMBARELLA INTERNATIONAL LP OR ITS AFFILIATES BE LIABLE
// FOR ANY DIRECT, INDIRECT, INCIDENTAL, SPECIAL, EXEMPLARY, OR CONSEQUENTIAL
// DAMAGES (INCLUDING, BUT NOT LIMITED TO, PROCUREMENT OF SUBSTITUTE GOODS OR
// SERVICES; LOSS OF USE, DATA, OR PROFITS; COMPUTER FAILURE OR MALFUNCTION;
// OR BUSINESS INTERRUPTION) HOWEVER CAUSED AND ON ANY THEORY OF LIABILITY,
// WHETHER IN CONTRACT, STRICT LIABILITY, OR TORT (INCLUDING NEGLIGENCE OR
// OTHERWISE) ARISING IN ANY WAY OUT OF THE USE OF THIS SOFTWARE, EVEN IF
// ADVISED OF THE POSSIBILITY OF SUCH DAMAGE.
////////////////////////////////////////////////////////////////////////////////

=====================
     vas summary     
=====================
DAG name: 'pre_split30_flexidag_openseg_prim_split_0'
vas command: /opt/amba/cv28/tv2/release/Vas/cv28.qa.2020-09-02.773/bin/vas1 -auto -no-split-dag -recompile -no-pre-split -fs pre_split30_flexidag_openseg_split_0.vas /tmp/vascppt8JZHT.vii -max-name-id 620100000 -comp2-id-range 620100000~620110000 -info "(ARCH cv28 VERSION 77 CVTOOLS_RELEASE 2.2.0) run at 'Tue Sep  8 10:30:35 2020'"
source op primitives:          0
final operators:               5
final descriptors:             9
DAG code num bytes:          344
vmem num bytes:           251812(245 K)
dcb num bytes:             65536(64 K)
dcb:         1
vcb:         2  full:    0
hmb:         2  full:    0  const:    0
smb:         4              const:    3
scalar:      0
subspace:    0
subspace parent:    0
total hmb input dram size: 51200 bytes
total hmb output dram size: 40960 bytes
total const data + dagbin size:  472 bytes
total dvi size:  472 bytes
total ddi size:    0 bytes

total write traffic:
    dcb:          204800 bytes
    vcb:          409600 bytes
    hmb:           40960 bytes
    smb:             768 bytes

total read traffic
    dcb:          204800 bytes
    vcb:          409600 bytes
    hmb:           51200 bytes
    smb:              80 bytes
    scalar:            0 bytes

VMEM usage >= 4K bytes:

======================
       VMEM map       
======================
vmem_base = 0x1000

0x00000000      --------------------------------------
                  -- nil -- (4096 bytes)
0x00001000      --------------------------------------
                  __vas_created_terminate__v0(software_managed) (96 bytes)
0x00001060      --------------------------------------
                  out_class(hardware_managed) (20480 bytes)
0x00006060      --------------------------------------
                  Add(hardware_managed) (26276 bytes)
0x0000c704      --------------------------------------
                  logits__Conv2D___BiasAdd(vmem_chaining) (102400 bytes)
0x00025704      --------------------------------------
                  ResizeBilinear_2(vmem_chaining) (102480 bytes)
0x0003e754      --------------------------------------
                  __pvcn_1193_(software_managed) (44 bytes)
0x0003e780      --------------------------------------
                  __pvcn_1192_(software_managed) (20 bytes)
0x0003e794      --------------------------------------
                  __pvcn_1190_(software_managed) (16 bytes)
0x0003e7a4      --------------------------------------
                  dag binary (392 bytes)
0x0003e92c      --------------------------------------
                  -- nil -- (267988 bytes)
0x00080000      --------------- (end) ----------------

Mac count summary: 
  total normalized mac count:          1146880
    - Ice mac count:                                  532480
      - ice true mac count:             532480
      - ice normalized mac count:       532480
    - Compare normalized mac count:                   204800
    - Resampler normalized mac count:                 204800
    - Transfer normalized mac count:                  204800

Estimated ICE cycle count: 25600

total vas running time: 0.32 seconds


