////////////////////////////////////////////////////////////////////////////////
// Copyright (c) 2020 Ambarella International LP
////////////////////////////////////////////////////////////////////////////////
// This file and its contents ("Software") are protected by intellectual
// property rights including, without limitation, U.S. and/or foreign
// copyrights. This Software is also the confidential and proprietary
// information of Ambarella International LP and its licensors. You may not use,
// reproduce, disclose, distribute, modify, or otherwise prepare derivative
// works of this Software or any portion thereof except pursuant to a signed
// license agreement or nondisclosure agreement with Ambarella International LP
// or its authorized affiliates. In the absence of such an agreement, you agree
// to promptly notify and return this Software to Ambarella International LP.
//
// THIS SOFTWARE IS PROVIDED "AS IS" AND ANY EXPRESS OR IMPLIED WARRANTIES,
// INCLUDING, BUT NOT LIMITED TO, THE IMPLIED WARRANTIES OF NON-INFRINGEMENT,
// MERCHANTABILITY, AND FITNESS FOR A PARTICULAR PURPOSE ARE DISCLAIMED.
// IN NO EVENT SHALL AMBARELLA INTERNATIONAL LP OR ITS AFFILIATES BE LIABLE
// FOR ANY DIRECT, INDIRECT, INCIDENTAL, SPECIAL, EXEMPLARY, OR CONSEQUENTIAL
// DAMAGES (INCLUDING, BUT NOT LIMITED TO, PROCUREMENT OF SUBSTITUTE GOODS OR
// SERVICES; LOSS OF USE, DATA, OR PROFITS; COMPUTER FAILURE OR MALFUNCTION;
// OR BUSINESS INTERRUPTION) HOWEVER CAUSED AND ON ANY THEORY OF LIABILITY,
// WHETHER IN CONTRACT, STRICT LIABILITY, OR TORT (INCLUDING NEGLIGENCE OR
// OTHERWISE) ARISING IN ANY WAY OUT OF THE USE OF THIS SOFTWARE, EVEN IF
// ADVISED OF THE POSSIBILITY OF SUCH DAMAGE.
////////////////////////////////////////////////////////////////////////////////

=====================
     vas summary     
=====================
DAG name: 'pre_split19_flexidag_openseg_prim_split_0'
vas command: /opt/amba/cv28/tv2/release/Vas/cv28.qa.2020-09-02.773/bin/vas1 -auto -no-split-dag -recompile -no-pre-split -fs pre_split19_flexidag_openseg_split_0.vas /tmp/vascppwKkIvo.vii -max-name-id 400100000 -comp2-id-range 400100000~400110000 -info "(ARCH cv28 VERSION 77 CVTOOLS_RELEASE 2.2.0) run at 'Tue Sep  8 10:30:24 2020'"
source op primitives:          0
final operators:              10
final descriptors:            20
DAG code num bytes:          808
vmem num bytes:           509792(497 K)
dcb num bytes:            131040(127 K)
dcb:         2
vcb:         5  full:    0
hmb:         3  full:    0  const:    0
smb:         9              const:    8
scalar:      1
subspace:    0
subspace parent:    0
total hmb input dram size: 1146880 bytes
total hmb output dram size: 81920 bytes
total const data + dagbin size: 50136 bytes
total dvi size: 50136 bytes
total ddi size:    0 bytes

total write traffic:
    dcb:          327680 bytes
    vcb:         1024000 bytes
    hmb:           81920 bytes
    smb:             768 bytes

total read traffic
    dcb:          327680 bytes
    vcb:         1351680 bytes
    hmb:         1146880 bytes
    smb:           49280 bytes
    scalar:            1 bytes

VMEM usage >= 4K bytes:

======================
       VMEM map       
======================
vmem_base = 0x1000

0x00000000      --------------------------------------
                  -- nil -- (4096 bytes)
0x00001000      --------------------------------------
                  __vas_created_terminate__v0(software_managed) (96 bytes)
0x00001060      --------------------------------------
                  PeleeNet__stage_3_dense_block_6__conv_right_2__Conv2D___BatchNorm__FusedBatchNorm___Relu(hardware_managed) (2560 bytes)
0x00001a60      --------------------------------------
                  PeleeNet__stage_3_dense_block_6__conv_right_1__Conv2D___BatchNorm__FusedBatchNorm___Relu(vmem_chaining) (8832 bytes)
0x00003ce0      --------------------------------------
                  PeleeNet__stage_3_dense_block_6__conv_left_1__Conv2D___BatchNorm__FusedBatchNorm___Relu(hardware_managed) (10240 bytes)
0x000064e0      --------------------------------------
                  PeleeNet__stage_3_dense_block_6__conv_left_0__Conv2D___BatchNorm__FusedBatchNorm___right_0__Conv2D___BatchNorm__FusedBatchNorm(vmem_chaining) (40960 bytes)
0x000104e0      --------------------------------------
                  PeleeNet__stage_3_dense_block_6__conv_right_0__Relu(vmem_chaining) (45568 bytes)
0x0001b6e0      --------------------------------------
                  PeleeNet__stage_3_dense_block_6__conv_left_0__Relu(vmem_chaining) (78848 bytes)
0x0002eae0      --------------------------------------
                  PeleeNet__stage_3_dense_block_6__conv_left_0__Conv2D___BatchNorm__FusedBatchNorm___right_0__Conv2D___muli___485___6(vmem_chaining) (122880 bytes)
0x0004cae0      --------------------------------------
                  PeleeNet__stage_3_dense_block_5__concat______muli___484(hardware_managed) (150528 bytes)
0x000716e0      --------------------------------------
                  __pvcn_986_(software_managed) (35536 bytes)
0x0007a1b0      --------------------------------------
                  __pvcn_999_(software_managed) (5768 bytes)
0x0007b838      --------------------------------------
                  __pvcn_992_(software_managed) (5704 bytes)
0x0007ce80      --------------------------------------
                  __pvcn_995_(software_managed) (1376 bytes)
0x0007d3e0      --------------------------------------
                  __pvcn_987_(software_managed) (640 bytes)
0x0007d660      --------------------------------------
                  __pvcn_1000_(software_managed) (96 bytes)
0x0007d6c0      --------------------------------------
                  __pvcn_996_(software_managed) (80 bytes)
0x0007d710      --------------------------------------
                  __pvcn_993_(software_managed) (80 bytes)
0x0007d760      --------------------------------------
                  dag binary (856 bytes)
0x0007dab8      --------------------------------------
                  -- nil -- (9544 bytes)
0x00080000      --------------- (end) ----------------

Mac count summary: 
  total normalized mac count:         91829760
    - Ice mac count:                                90846720
      - ice true mac count:           90846720
      - ice normalized mac count:     90846720
    - Arithmetic normalized mac count:                655360
    - Transfer normalized mac count:                  327680

Estimated ICE cycle count: 712880

total vas running time: 0.64 seconds


