////////////////////////////////////////////////////////////////////////////////
// Copyright (c) 2020 Ambarella International LP
////////////////////////////////////////////////////////////////////////////////
// This file and its contents ("Software") are protected by intellectual
// property rights including, without limitation, U.S. and/or foreign
// copyrights. This Software is also the confidential and proprietary
// information of Ambarella International LP and its licensors. You may not use,
// reproduce, disclose, distribute, modify, or otherwise prepare derivative
// works of this Software or any portion thereof except pursuant to a signed
// license agreement or nondisclosure agreement with Ambarella International LP
// or its authorized affiliates. In the absence of such an agreement, you agree
// to promptly notify and return this Software to Ambarella International LP.
//
// THIS SOFTWARE IS PROVIDED "AS IS" AND ANY EXPRESS OR IMPLIED WARRANTIES,
// INCLUDING, BUT NOT LIMITED TO, THE IMPLIED WARRANTIES OF NON-INFRINGEMENT,
// MERCHANTABILITY, AND FITNESS FOR A PARTICULAR PURPOSE ARE DISCLAIMED.
// IN NO EVENT SHALL AMBARELLA INTERNATIONAL LP OR ITS AFFILIATES BE LIABLE
// FOR ANY DIRECT, INDIRECT, INCIDENTAL, SPECIAL, EXEMPLARY, OR CONSEQUENTIAL
// DAMAGES (INCLUDING, BUT NOT LIMITED TO, PROCUREMENT OF SUBSTITUTE GOODS OR
// SERVICES; LOSS OF USE, DATA, OR PROFITS; COMPUTER FAILURE OR MALFUNCTION;
// OR BUSINESS INTERRUPTION) HOWEVER CAUSED AND ON ANY THEORY OF LIABILITY,
// WHETHER IN CONTRACT, STRICT LIABILITY, OR TORT (INCLUDING NEGLIGENCE OR
// OTHERWISE) ARISING IN ANY WAY OUT OF THE USE OF THIS SOFTWARE, EVEN IF
// ADVISED OF THE POSSIBILITY OF SUCH DAMAGE.
////////////////////////////////////////////////////////////////////////////////

=====================
     vas summary     
=====================
DAG name: 'pre_split18_flexidag_openseg_prim_split_0'
vas command: /opt/amba/cv28/tv2/release/Vas/cv28.qa.2020-09-02.773/bin/vas1 -auto -no-split-dag -recompile -no-pre-split -fs pre_split18_flexidag_openseg_split_0.vas /tmp/vascppHVLXtp.vii -max-name-id 380100000 -comp2-id-range 380100000~380110000 -info "(ARCH cv28 VERSION 77 CVTOOLS_RELEASE 2.2.0) run at 'Tue Sep  8 10:30:24 2020'"
source op primitives:          0
final operators:              10
final descriptors:            20
DAG code num bytes:          808
vmem num bytes:           506384(494 K)
dcb num bytes:            131040(127 K)
dcb:         2
vcb:         5  full:    0
hmb:         3  full:    0  const:    0
smb:         9              const:    8
scalar:      1
subspace:    0
subspace parent:    0
total hmb input dram size: 1064960 bytes
total hmb output dram size: 81920 bytes
total const data + dagbin size: 48136 bytes
total dvi size: 48136 bytes
total ddi size:    0 bytes

total write traffic:
    dcb:          327680 bytes
    vcb:         1024000 bytes
    hmb:           81920 bytes
    smb:             768 bytes

total read traffic
    dcb:          327680 bytes
    vcb:         1351680 bytes
    hmb:         1064960 bytes
    smb:           47280 bytes
    scalar:            1 bytes

VMEM usage >= 4K bytes:

======================
       VMEM map       
======================
vmem_base = 0x1000

0x00000000      --------------------------------------
                  -- nil -- (4096 bytes)
0x00001000      --------------------------------------
                  __vas_created_terminate__v0(software_managed) (96 bytes)
0x00001060      --------------------------------------
                  PeleeNet__stage_3_dense_block_5__conv_left_1__Conv2D___BatchNorm__FusedBatchNorm___Relu(hardware_managed) (5120 bytes)
0x00002460      --------------------------------------
                  PeleeNet__stage_3_dense_block_5__conv_right_2__Conv2D___BatchNorm__FusedBatchNorm___Relu(hardware_managed) (10240 bytes)
0x00004c60      --------------------------------------
                  PeleeNet__stage_3_dense_block_5__conv_right_1__Conv2D___BatchNorm__FusedBatchNorm___Relu(vmem_chaining) (25344 bytes)
0x0000af60      --------------------------------------
                  PeleeNet__stage_3_dense_block_5__conv_left_0__Relu(vmem_chaining) (56320 bytes)
0x00018b60      --------------------------------------
                  PeleeNet__stage_3_dense_block_5__conv_left_0__Conv2D___BatchNorm__FusedBatchNorm___right_0__Conv2D___muli___482___3(vmem_chaining) (61440 bytes)
0x00027b60      --------------------------------------
                  PeleeNet__stage_3_dense_block_5__conv_right_0__Relu(vmem_chaining) (78848 bytes)
0x0003af60      --------------------------------------
                  PeleeNet__stage_3_dense_block_5__conv_left_0__Conv2D___BatchNorm__FusedBatchNorm___right_0__Conv2D___BatchNorm__FusedBatchNorm(vmem_chaining) (81920 bytes)
0x0004ef60      --------------------------------------
                  PeleeNet__stage_3_dense_block_4__concat______muli___481(hardware_managed) (139776 bytes)
0x00071160      --------------------------------------
                  __pvcn_966_(software_managed) (33416 bytes)
0x000793e8      --------------------------------------
                  __pvcn_979_(software_managed) (5756 bytes)
0x0007aa64      --------------------------------------
                  __pvcn_972_(software_managed) (5752 bytes)
0x0007c0dc      --------------------------------------
                  __pvcn_975_(software_managed) (1436 bytes)
0x0007c678      --------------------------------------
                  __pvcn_967_(software_managed) (640 bytes)
0x0007c8f8      --------------------------------------
                  __pvcn_976_(software_managed) (96 bytes)
0x0007c958      --------------------------------------
                  __pvcn_973_(software_managed) (96 bytes)
0x0007c9b8      --------------------------------------
                  __pvcn_980_(software_managed) (88 bytes)
0x0007ca10      --------------------------------------
                  dag binary (856 bytes)
0x0007cd68      --------------------------------------
                  -- nil -- (12952 bytes)
0x00080000      --------------- (end) ----------------

Mac count summary: 
  total normalized mac count:         88317440
    - Ice mac count:                                87334400
      - ice true mac count:           87334400
      - ice normalized mac count:     87334400
    - Arithmetic normalized mac count:                655360
    - Transfer normalized mac count:                  327680

Estimated ICE cycle count: 684800

total vas running time: 0.61 seconds


